// Jest Snapshot v1, https://goo.gl/fbAQLP

exports[`Test to AddCategory component snapshot for the AddCategory component 1`] = `
<form
  noValidate={true}
  onSubmit={[Function]}
>
  <input
    onChange={[Function]}
    placeholder="Search for a Gif"
    type="text"
    value=""
  />
</form>
`;
